[themewagon.github.io/flameonepage/index.html]
[backblue.gif]
[fade.gif]
[index.html]
[netdna.bootstrapcdn.com/font-awesome/4.0.3/css/font-awesome.css]
[themewagon.github.io/flameonepage/vendor/simple-line-icons/simple-line-icons.min.css]
[themewagon.github.io/flameonepage/vendor/bootstrap/css/bootstrap.min.css]
[themewagon.github.io/flameonepage/css/animate.css]
[themewagon.github.io/flameonepage/vendor/swiper/css/swiper.min.css]
[themewagon.github.io/flameonepage/css/layout.min.css]
[themewagon.github.io/flameonepage/favicon.ico]
[themewagon.github.io/flameonepage/img/logo.png]
[themewagon.github.io/flameonepage/img/logo-dark.png]
[themewagon.github.io/flameonepage/img/1920x1080/01.jpg]
[themewagon.github.io/flameonepage/img/1920x1080/02.jpg]
[themewagon.github.io/flameonepage/img/500x500/01.jpg]
[themewagon.github.io/flameonepage/img/500x500/02.jpg]
[themewagon.github.io/flameonepage/img/500x500/03.jpg]
[themewagon.github.io/flameonepage/img/970x647/01.jpg]
[themewagon.github.io/flameonepage/img/970x647/02.jpg]
[themewagon.github.io/flameonepage/img/970x647/03.jpg]
[themewagon.github.io/flameonepage/pricing.html]
[themewagon.github.io/flameonepage/img/397x300/01.jpg]
[themewagon.github.io/flameonepage/img/397x300/02.jpg]
[themewagon.github.io/flameonepage/img/397x300/03.jpg]
[themewagon.github.io/flameonepage/img/397x415/01.jpg]
[themewagon.github.io/flameonepage/img/800x400/01.jpg]
[themewagon.github.io/flameonepage/img/clients/01.png]
[themewagon.github.io/flameonepage/img/clients/02.png]
[themewagon.github.io/flameonepage/img/clients/03.png]
[themewagon.github.io/flameonepage/img/clients/04.png]
[themewagon.github.io/flameonepage/img/clients/05.png]
[themewagon.github.io/flameonepage/img/clients/06.png]
[themewagon.github.io/flameonepage/vendor/jquery.min.js]
[themewagon.github.io/flameonepage/vendor/jquery-migrate.min.js]
[themewagon.github.io/flameonepage/vendor/bootstrap/js/bootstrap.min.js]
[themewagon.github.io/flameonepage/vendor/jquery.easing.js]
[themewagon.github.io/flameonepage/vendor/jquery.back-to-top.js]
[themewagon.github.io/flameonepage/vendor/jquery.smooth-scroll.js]
[themewagon.github.io/flameonepage/vendor/jquery.wow.min.js]
[themewagon.github.io/flameonepage/vendor/swiper/js/swiper.jquery.min.js]
[themewagon.github.io/flameonepage/vendor/masonry/jquery.masonry.pkgd.min.js]
[themewagon.github.io/flameonepage/vendor/masonry/imagesloaded.pkgd.min.js]
[themewagon.github.io/flameonepage/js/layout.min.js]
[themewagon.github.io/flameonepage/js/components/wow.min.js]
[themewagon.github.io/flameonepage/js/components/swiper.min.js]
[themewagon.github.io/flameonepage/index.html]
[themewagon.github.io/flameonepage/js/components/masonry.min.js]
[netdna.bootstrapcdn.com/font-awesome/4.0.3/css/font-awesome.css]
[themewagon.github.io/flameonepage/vendor/simple-line-icons/fonts/Simple-Line-Icons.eot]
[themewagon.github.io/flameonepage/vendor/simple-line-icons/fonts/Simple-Line-Iconsd41d.eot]
[themewagon.github.io/flameonepage/vendor/simple-line-icons/fonts/Simple-Line-Icons.woff]
[themewagon.github.io/flameonepage/vendor/simple-line-icons/fonts/Simple-Line-Icons.ttf]
[themewagon.github.io/flameonepage/vendor/simple-line-icons/simple-line-icons.min.css]
[themewagon.github.io/flameonepage/vendor/simple-line-icons/fonts/Simple-Line-Icons.svg]
[themewagon.github.io/flameonepage/vendor/bootstrap/fonts/glyphicons-halflings-regular.eot]
[themewagon.github.io/flameonepage/vendor/bootstrap/fonts/glyphicons-halflings-regulard41d.eot]
[themewagon.github.io/flameonepage/vendor/bootstrap/fonts/glyphicons-halflings-regular.woff2]
[themewagon.github.io/flameonepage/vendor/bootstrap/fonts/glyphicons-halflings-regular.woff]
[themewagon.github.io/flameonepage/vendor/bootstrap/fonts/glyphicons-halflings-regular.ttf]
[themewagon.github.io/flameonepage/vendor/bootstrap/css/bootstrap.min.css]
[themewagon.github.io/flameonepage/css/animate.css]
[themewagon.github.io/flameonepage/vendor/swiper/css/swiper.min.css]
[themewagon.github.io/flameonepage/css/layout.min.css]
[themewagon.github.io/flameonepage/favicon.html]
[themewagon.github.io/flameonepage/pricing.html]
[themewagon.github.io/flameonepage/vendor/simple-line-icons/fonts/Simple-Line-Icons.svg]
[themewagon.github.io/flameonepage/vendor/bootstrap/fonts/glyphicons-halflings-regular.svg]
[themewagon.github.io/flameonepage/vendor/bootstrap/fonts/glyphicons-halflings-regular.svg]
